// Jest Snapshot v1, https://goo.gl/fbAQLP

exports[`Customers that it matches the existing snapshot 1`] = `
<DocumentFragment>
  <div>
    <h2
      class="pageHeader"
    >
       Customers 
    </h2>
    <div
      class="customersList"
    />
  </div>
</DocumentFragment>
`;
