// Jest Snapshot v1, https://goo.gl/fbAQLP

exports[`Customer that it matches the existing snapshot 1`] = `
<DocumentFragment>
  <div>
    <button>
      Select
    </button>
  </div>
</DocumentFragment>
`;
