// Jest Snapshot v1, https://goo.gl/fbAQLP

exports[`Home that it matches the existing snapshot 1`] = `
<DocumentFragment>
  <div
    class="entire-page"
  >
    <button>
      Create a rental!
    </button>
  </div>
</DocumentFragment>
`;
