// Jest Snapshot v1, https://goo.gl/fbAQLP

exports[`Library that it matches the existing snapshot 1`] = `
<DocumentFragment>
  <div />
</DocumentFragment>
`;
