// Jest Snapshot v1, https://goo.gl/fbAQLP

exports[`Movie that it matches the existing snapshot 1`] = `
<DocumentFragment>
  <div
    class="card"
  >
    <section
      class="card__content"
    >
      <img
        alt="Movie cover art"
        class="card__content-image"
        src=""
      />
      <section
        class="card__content-text"
      />
      <button
        class="card__select"
      >
        Select
      </button>
    </section>
  </div>
</DocumentFragment>
`;
